// Jest Snapshot v1, https://goo.gl/fbAQLP

exports[`Nav component matches snapshot 1`] = `
<DocumentFragment>
  <header>
    <h2>
      <a
        href="/"
      >
        <span
          aria-label="light-bulb"
          role="img"
        >
           ðŸ’¡
        </span>
         catwest.codes
      </a>
    </h2>
    <nav>
      <ul
        class="flex-row"
      >
        <li
          class="mx-2"
        >
          <a
            href="#about"
          >
            about me
          </a>
        </li>
        <li>
          <span>
            contact
          </span>
        </li>
        <li
          class="mx-1"
        >
          <span>
            portfolio
          </span>
        </li>
        <li
          class="mx-1"
        >
          <span>
            resume
          </span>
        </li>
        <li
          class="mx-1"
        >
          <span>
            contact
          </span>
        </li>
      </ul>
    </nav>
  </header>
</DocumentFragment>
`;
